app/(pages)/careers/page.tsx(25,35): error TS7006: Parameter 'career' implicitly has an 'any' type.
app/(pages)/careers/page.tsx(25,43): error TS7006: Parameter 'index' implicitly has an 'any' type.
app/(pages)/cart/page.tsx(36,17): error TS18046: 'response' is of type 'unknown'.
app/(pages)/cart/page.tsx(37,29): error TS18046: 'response' is of type 'unknown'.
app/(pages)/courses/[courseId]/page.tsx(27,28): error TS2741: Property 'lessons' is missing in type 'import("C:/Users/fayad/Downloads/Electronic_Academy-main/frontend - Copy - Copy/types/course.types").Course' but required in type 'import("C:/Users/fayad/Downloads/Electronic_Academy-main/frontend - Copy - Copy/types/course").Course'.
app/(pages)/my-courses/page.tsx(7,67): error TS2339: Property 'courses' does not exist on type 'Course[]'.
app/(pages)/wishlist/page.tsx(14,9): error TS7034: Variable 'wishlistData' implicitly has type 'any[]' in some locations where its type cannot be determined.
app/(pages)/wishlist/page.tsx(24,45): error TS7005: Variable 'wishlistData' implicitly has an 'any[]' type.
app/dashboard/admin/admins/page.tsx(32,47): error TS2339: Property 'data' does not exist on type 'User[]'.
app/dashboard/admin/admins/page.tsx(33,40): error TS2339: Property 'data' does not exist on type 'User[]'.
app/dashboard/admin/careers/page.tsx(16,32): error TS2740: Type 'CareersResponse' is missing the following properties from type 'Career[]': length, pop, push, concat, and 35 more.
app/dashboard/admin/students/page.tsx(8,40): error TS2339: Property 'data' does not exist on type 'User[]'.
app/dashboard/admin/teachers/page.tsx(8,40): error TS2339: Property 'data' does not exist on type 'User[]'.
components/courses/LessonQuestions.tsx(7,51): error TS2459: Module '"@/actions/student/questions"' declares 'Question' locally, but it is not exported.
components/courses/LessonQuestions.tsx(7,61): error TS2459: Module '"@/actions/student/questions"' declares 'SubmitAnswer' locally, but it is not exported.
components/courses/LessonQuestions.tsx(7,75): error TS2459: Module '"@/actions/student/questions"' declares 'QuizResult' locally, but it is not exported.
components/courses/LessonQuestions.tsx(221,72): error TS7006: Parameter 'option' implicitly has an 'any' type.
components/courses/LessonQuestions.tsx(221,80): error TS7006: Parameter 'optIdx' implicitly has an 'any' type.
components/home/slides-client.tsx(159,38): error TS7006: Parameter 's' implicitly has an 'any' type.
components/home/slides-client.tsx(159,41): error TS7006: Parameter 'i' implicitly has an 'any' type.
components/layout/Navbar.tsx(108,52): error TS2339: Property 'search' does not exist on type 'EventTarget'.
components/lists/courses/LessonComments.tsx(33,33): error TS2339: Property 'data' does not exist on type 'never'.
components/lists/courses/LessonComments.tsx(33,59): error TS2339: Property 'data' does not exist on type 'never'.
components/lists/courses/LessonComments.tsx(34,37): error TS2339: Property 'data' does not exist on type 'never'.
components/lists/teacher/TeacherCourseLessonsClient.tsx(159,17): error TS18046: 'response' is of type 'unknown'.
components/lists/teacher/TeacherCourseLessonsClient.tsx(160,29): error TS18046: 'response' is of type 'unknown'.
components/lists/teacher/TeacherCourseLessonsClient.tsx(167,35): error TS18046: 'response' is of type 'unknown'.
components/lists/teacher/TeacherCourseLessonsClient.tsx(174,17): error TS2353: Object literal may only specify known properties, and 'created_at' does not exist in type 'Lesson'.
components/lists/teacher/TeacherCoursesClient.tsx(44,35): error TS2339: Property 'data' does not exist on type 'Category[]'.
